node.exe : FAIL test/dedupe.test.ts
At C:\Program Files\nodejs\npx.ps1:29 
char:3
+   & $NODE_EXE $NPX_CLI_JS $args
+   ~~~~~~~~~~~~~~~~~~~~~~~~~~~~~
    + CategoryInfo          : NotSpeci 
   fied: (FAIL test/dedupe.test.ts:St  
  ring) [], RemoteException
    + FullyQualifiedErrorId : NativeCo 
   mmandError
 
  Dedupe
    ΓêÜ should block duplicate hashes 
within TTL (3 ms)
    ΓêÜ should dedupe different 
messages independently (1 ms)
    ΓêÜ should allow message again 
after TTL (108 ms)
    ├ù should enforce LRU eviction (2 
ms)

  ΓùÅ Dedupe ΓÇ║ should enforce LRU 
eviction

    expect(received).toBe(expected) // 
Object.is equality

    Expected: false
    Received: true

    [0m [90m 30 |[39m
     [90m 31 |[39m     expect(dedupe
[33m.[39mshouldRelay([32m"A"[39m))[
33m.[39mtoBe([36mtrue[39m)[33m;[39
m [90m// Treated as new[39m
    [31m[1m>[22m[39m[90m 32 
|[39m     expect(dedupe[33m.[39mshou
ldRelay([32m"B"[39m))[33m.[39mtoBe(
[36mfalse[39m)[33m;[39m [90m// 
Still in cache[39m
     [90m    |[39m                   
                  [31m[1m^[22m[39m
     [90m 33 |[39m   })[33m;[39m
     [90m 34 |[39m })[33m;[39m
     [90m 35 |[39m[0m

      at Object.<anonymous> 
(test/dedupe.test.ts:32:37)

Test Suites: 1 failed, 1 total
Tests:       1 failed, 3 passed, 4 
total
Snapshots:   0 total
Time:        1.764 s, estimated 2 s
Ran all test suites matching 
test/dedupe.test.ts.
